// Jest Snapshot v1, https://goo.gl/fbAQLP

exports[`Renders works 1`] = `[Function]`;
