// Jest Snapshot v1, https://goo.gl/fbAQLP

exports[`Rendered as expected 1`] = `
<nav
  className="navbar"
>
  <a
    className="header"
    href="/"
    onClick={[Function]}
  >
    Math Magician
  </a>
  <ul
    className="pages"
  >
    <li>
      <a
        href="/"
        onClick={[Function]}
      >
        Home
      </a>
    </li>
    <li>
      <a
        className="bordered"
        href="/Calculator"
        onClick={[Function]}
      >
        Calculator
      </a>
    </li>
    <li>
      <a
        href="/Quotes"
        onClick={[Function]}
      >
        Quote
      </a>
    </li>
  </ul>
</nav>
`;
